[2024-12-29 18:25:33,497: INFO: main: Welcome to custom log]
[2024-12-29 18:29:09,154: INFO: main: Welcome to custom log]
[2024-12-29 18:31:23,535: INFO: main: Welcome to custom log]
[2024-12-29 18:33:40,004: INFO: main: Welcome to custom log]
[2024-12-30 16:17:21,741: INFO: common: yaml file: config\config.yaml loaded successfully]
[2024-12-30 16:17:42,029: INFO: common: yaml file: config\config.yaml loaded successfully]
[2024-12-30 16:18:43,996: INFO: common: yaml file: config\config.yaml loaded successfully]
[2024-12-30 16:19:25,078: INFO: common: yaml file: config\config.yaml loaded successfully]
[2024-12-30 16:19:30,645: INFO: common: yaml file: config\config.yaml loaded successfully]
[2024-12-30 16:19:39,579: INFO: common: yaml file: config\config.yaml loaded successfully]
[2024-12-30 16:51:12,049: INFO: common: yaml file: config\config.yaml loaded successfully]
[2024-12-30 16:51:12,052: INFO: common: yaml file: params.yaml loaded successfully]
[2024-12-30 16:51:12,053: INFO: common: created directory at: artifacts]
[2024-12-30 16:54:34,034: INFO: common: yaml file: config\config.yaml loaded successfully]
[2024-12-30 16:54:34,036: INFO: common: yaml file: params.yaml loaded successfully]
[2024-12-30 16:54:34,036: INFO: common: created directory at: artifacts]
[2024-12-30 16:54:34,037: INFO: common: created directory at: artifacts/data_ingestion]
[2024-12-30 16:54:34,038: INFO: 156215883: Downloading data from https://drive.google.com/file/d/1Lx_zNHPtr2CzHVrRjnJg7TEiaIX-72lz/view?usp=sharing into file artifacts/data_ingestion/data.zip]
[2024-12-30 16:54:39,615: INFO: 156215883: Downloaded data from https://drive.google.com/file/d/1Lx_zNHPtr2CzHVrRjnJg7TEiaIX-72lz/view?usp=sharing into file artifacts/data_ingestion/data.zip]
[2024-12-30 17:59:16,228: INFO: main: >>>> stage Data Ingestion stage started <<<<]
[2024-12-30 17:59:16,229: INFO: common: yaml file: config\config.yaml loaded successfully]
[2024-12-30 17:59:16,230: INFO: common: yaml file: params.yaml loaded successfully]
[2024-12-30 17:59:16,231: INFO: common: created directory at: artifacts]
[2024-12-30 17:59:16,231: INFO: common: created directory at: artifacts/data_ingestion]
[2024-12-30 17:59:16,231: ERROR: main: "'ConfigBox' object has no attribute 'source_url'"]
Traceback (most recent call last):
  File "box\box.py", line 503, in box.box.Box.__getitem__
KeyError: 'source_url'

The above exception was the direct cause of the following exception:

Traceback (most recent call last):
  File "box\box.py", line 536, in box.box.Box.__getattr__
  File "box\box.py", line 524, in box.box.Box.__getitem__
box.exceptions.BoxKeyError: "'source_url'"

During handling of the above exception, another exception occurred:

Traceback (most recent call last):
  File "box\box.py", line 538, in box.box.Box.__getattr__
AttributeError: 'ConfigBox' object has no attribute 'source_url'

The above exception was the direct cause of the following exception:

Traceback (most recent call last):
  File "box\config_box.py", line 28, in box.config_box.ConfigBox.__getattr__
  File "box\box.py", line 552, in box.box.Box.__getattr__
box.exceptions.BoxKeyError: "'ConfigBox' object has no attribute 'source_url'"

During handling of the above exception, another exception occurred:

Traceback (most recent call last):
  File "box\box.py", line 503, in box.box.Box.__getitem__
KeyError: 'source_url'

The above exception was the direct cause of the following exception:

Traceback (most recent call last):
  File "box\box.py", line 536, in box.box.Box.__getattr__
  File "box\box.py", line 524, in box.box.Box.__getitem__
box.exceptions.BoxKeyError: "'source_url'"

During handling of the above exception, another exception occurred:

Traceback (most recent call last):
  File "box\box.py", line 538, in box.box.Box.__getattr__
AttributeError: 'ConfigBox' object has no attribute 'source_url'

The above exception was the direct cause of the following exception:

Traceback (most recent call last):
  File "D:\pythonProjects\mlflow_kidney_tumor\main.py", line 9, in <module>
    obj.main()
  File "d:\pythonprojects\mlflow_kidney_tumor\src\cnnClassifier\pipeline\stage_01_data_ingestion.py", line 14, in main
    data_ingestion_config=config.get_data_ingestion_config()
  File "d:\pythonprojects\mlflow_kidney_tumor\src\cnnClassifier\config\configuration.py", line 23, in get_data_ingestion_config
    source_Url=config.source_url,
  File "box\config_box.py", line 30, in box.config_box.ConfigBox.__getattr__
  File "box\box.py", line 552, in box.box.Box.__getattr__
box.exceptions.BoxKeyError: "'ConfigBox' object has no attribute 'source_url'"
[2024-12-30 18:00:40,718: INFO: main: >>>> stage Data Ingestion stage started <<<<]
[2024-12-30 18:00:40,720: INFO: common: yaml file: config\config.yaml loaded successfully]
[2024-12-30 18:00:40,721: INFO: common: yaml file: params.yaml loaded successfully]
[2024-12-30 18:00:40,721: INFO: common: created directory at: artifacts]
[2024-12-30 18:00:40,721: INFO: common: created directory at: artifacts/data_ingestion]
[2024-12-30 18:00:40,722: ERROR: main: "'ConfigBox' object has no attribute 'source_url'"]
Traceback (most recent call last):
  File "box\box.py", line 503, in box.box.Box.__getitem__
KeyError: 'source_Url'

The above exception was the direct cause of the following exception:

Traceback (most recent call last):
  File "box\box.py", line 536, in box.box.Box.__getattr__
  File "box\box.py", line 524, in box.box.Box.__getitem__
box.exceptions.BoxKeyError: "'source_Url'"

During handling of the above exception, another exception occurred:

Traceback (most recent call last):
  File "box\box.py", line 538, in box.box.Box.__getattr__
AttributeError: 'ConfigBox' object has no attribute 'source_Url'

The above exception was the direct cause of the following exception:

Traceback (most recent call last):
  File "box\config_box.py", line 28, in box.config_box.ConfigBox.__getattr__
  File "box\box.py", line 552, in box.box.Box.__getattr__
box.exceptions.BoxKeyError: "'ConfigBox' object has no attribute 'source_Url'"

During handling of the above exception, another exception occurred:

Traceback (most recent call last):
  File "box\box.py", line 503, in box.box.Box.__getitem__
KeyError: 'source_url'

The above exception was the direct cause of the following exception:

Traceback (most recent call last):
  File "box\box.py", line 536, in box.box.Box.__getattr__
  File "box\box.py", line 524, in box.box.Box.__getitem__
box.exceptions.BoxKeyError: "'source_url'"

During handling of the above exception, another exception occurred:

Traceback (most recent call last):
  File "box\box.py", line 538, in box.box.Box.__getattr__
AttributeError: 'ConfigBox' object has no attribute 'source_url'

The above exception was the direct cause of the following exception:

Traceback (most recent call last):
  File "D:\pythonProjects\mlflow_kidney_tumor\main.py", line 9, in <module>
    obj.main()
  File "d:\pythonprojects\mlflow_kidney_tumor\src\cnnClassifier\pipeline\stage_01_data_ingestion.py", line 14, in main
    data_ingestion_config=config.get_data_ingestion_config()
  File "d:\pythonprojects\mlflow_kidney_tumor\src\cnnClassifier\config\configuration.py", line 23, in get_data_ingestion_config
    source_Url=config.source_Url,
  File "box\config_box.py", line 30, in box.config_box.ConfigBox.__getattr__
  File "box\box.py", line 552, in box.box.Box.__getattr__
box.exceptions.BoxKeyError: "'ConfigBox' object has no attribute 'source_url'"
[2024-12-30 18:01:37,979: INFO: main: >>>> stage Data Ingestion stage started <<<<]
[2024-12-30 18:01:37,980: INFO: common: yaml file: config\config.yaml loaded successfully]
[2024-12-30 18:01:37,981: INFO: common: yaml file: params.yaml loaded successfully]
[2024-12-30 18:01:37,982: INFO: common: created directory at: artifacts]
[2024-12-30 18:01:37,982: INFO: common: created directory at: artifacts/data_ingestion]
[2024-12-30 18:01:37,982: ERROR: main: __init__() got an unexpected keyword argument 'source_URL']
Traceback (most recent call last):
  File "D:\pythonProjects\mlflow_kidney_tumor\main.py", line 9, in <module>
    obj.main()
  File "d:\pythonprojects\mlflow_kidney_tumor\src\cnnClassifier\pipeline\stage_01_data_ingestion.py", line 14, in main
    data_ingestion_config=config.get_data_ingestion_config()
  File "d:\pythonprojects\mlflow_kidney_tumor\src\cnnClassifier\config\configuration.py", line 21, in get_data_ingestion_config
    data_ingestion_config=DataIngestionConfig(
TypeError: __init__() got an unexpected keyword argument 'source_URL'
[2024-12-30 18:02:21,399: INFO: main: >>>> stage Data Ingestion stage started <<<<]
[2024-12-30 18:02:21,400: INFO: common: yaml file: config\config.yaml loaded successfully]
[2024-12-30 18:02:21,401: INFO: common: yaml file: params.yaml loaded successfully]
[2024-12-30 18:02:21,402: INFO: common: created directory at: artifacts]
[2024-12-30 18:02:21,402: INFO: common: created directory at: artifacts/data_ingestion]
[2024-12-30 18:02:21,402: ERROR: main: 'DataIngestionConfig' object has no attribute 'source_Url']
Traceback (most recent call last):
  File "D:\pythonProjects\mlflow_kidney_tumor\main.py", line 9, in <module>
    obj.main()
  File "d:\pythonprojects\mlflow_kidney_tumor\src\cnnClassifier\pipeline\stage_01_data_ingestion.py", line 16, in main
    data_ingestion.download_file()
  File "d:\pythonprojects\mlflow_kidney_tumor\src\cnnClassifier\components\data_ingestion.py", line 29, in download_file
    raise e
  File "d:\pythonprojects\mlflow_kidney_tumor\src\cnnClassifier\components\data_ingestion.py", line 18, in download_file
    dataset_url=self.config.source_Url
AttributeError: 'DataIngestionConfig' object has no attribute 'source_Url'
[2024-12-30 18:03:24,117: INFO: main: >>>> stage Data Ingestion stage started <<<<]
[2024-12-30 18:03:24,120: INFO: common: yaml file: config\config.yaml loaded successfully]
[2024-12-30 18:03:24,121: INFO: common: yaml file: params.yaml loaded successfully]
[2024-12-30 18:03:24,121: INFO: common: created directory at: artifacts]
[2024-12-30 18:03:24,122: INFO: common: created directory at: artifacts/data_ingestion]
[2024-12-30 18:03:24,122: INFO: data_ingestion: downloading data from https://drive.google.com/file/d/1Lx_zNHPtr2CzHVrRjnJg7TEiaIX-72lz/view?usp=sharing into file artifacts/data_ingestion/data.zip]
[2024-12-30 18:03:29,623: INFO: data_ingestion: Downloaded data from https://drive.google.com/file/d/1Lx_zNHPtr2CzHVrRjnJg7TEiaIX-72lz/view?usp=sharing into file artifacts/data_ingestion/data.zip]
[2024-12-30 18:03:30,566: INFO: main: >>>> stage Data Ingestion stage completed <<<<

x============x]
[2024-12-30 18:03:52,433: INFO: main: >>>> stage Data Ingestion stage started <<<<]
[2024-12-30 18:03:52,436: INFO: common: yaml file: config\config.yaml loaded successfully]
[2024-12-30 18:03:52,438: INFO: common: yaml file: params.yaml loaded successfully]
[2024-12-30 18:03:52,438: INFO: common: created directory at: artifacts]
[2024-12-30 18:03:52,438: INFO: common: created directory at: artifacts/data_ingestion]
[2024-12-30 18:03:52,439: INFO: data_ingestion: downloading data from https://drive.google.com/file/d/1Lx_zNHPtr2CzHVrRjnJg7TEiaIX-72lz/view?usp=sharing into file artifacts/data_ingestion/data.zip]
[2024-12-30 18:03:57,644: INFO: data_ingestion: Downloaded data from https://drive.google.com/file/d/1Lx_zNHPtr2CzHVrRjnJg7TEiaIX-72lz/view?usp=sharing into file artifacts/data_ingestion/data.zip]
[2024-12-30 18:03:58,537: INFO: main: >>>> stage Data Ingestion stage completed <<<<

x============x]
[2024-12-30 21:57:33,481: INFO: common: yaml file: config\config.yaml loaded successfully]
[2024-12-30 21:57:33,485: INFO: common: yaml file: params.yaml loaded successfully]
[2024-12-30 21:57:33,486: INFO: common: created directory at: artifacts]
[2024-12-30 21:57:33,487: INFO: common: created directory at: artifacts/prepare_base_model]
[2024-12-30 21:58:42,480: INFO: common: yaml file: config\config.yaml loaded successfully]
[2024-12-30 21:58:42,482: INFO: common: yaml file: params.yaml loaded successfully]
[2024-12-30 21:58:42,483: INFO: common: created directory at: artifacts]
[2024-12-30 21:58:42,485: INFO: common: created directory at: artifacts/prepare_base_model]
[2024-12-30 21:58:42,728: WARNING: saving_utils: Compiled the loaded model, but the compiled metrics have yet to be built. `model.compile_metrics` will be empty until you train or evaluate the model.]
[2024-12-30 22:10:00,256: INFO: main: >>>> stage Data Ingestion stage started <<<<]
[2024-12-30 22:10:00,259: INFO: common: yaml file: config\config.yaml loaded successfully]
[2024-12-30 22:10:00,261: INFO: common: yaml file: params.yaml loaded successfully]
[2024-12-30 22:10:00,261: INFO: common: created directory at: artifacts]
[2024-12-30 22:10:00,261: INFO: common: created directory at: artifacts/data_ingestion]
[2024-12-30 22:10:00,261: INFO: data_ingestion: downloading data from https://drive.google.com/file/d/1Lx_zNHPtr2CzHVrRjnJg7TEiaIX-72lz/view?usp=sharing into file artifacts/data_ingestion/data.zip]
[2024-12-30 22:10:05,783: INFO: data_ingestion: Downloaded data from https://drive.google.com/file/d/1Lx_zNHPtr2CzHVrRjnJg7TEiaIX-72lz/view?usp=sharing into file artifacts/data_ingestion/data.zip]
[2024-12-30 22:10:06,584: INFO: main: >>>> stage Data Ingestion stage completed <<<<

x============x]
[2024-12-30 22:10:06,585: INFO: main: >>>> stage Prepare base model started <<<<]
[2024-12-30 22:10:06,586: INFO: common: yaml file: config\config.yaml loaded successfully]
[2024-12-30 22:10:06,588: INFO: common: yaml file: params.yaml loaded successfully]
[2024-12-30 22:10:06,588: INFO: common: created directory at: artifacts]
[2024-12-30 22:10:06,589: INFO: common: created directory at: artifacts/prepare_base_model]
[2024-12-30 22:10:06,869: WARNING: saving_utils: Compiled the loaded model, but the compiled metrics have yet to be built. `model.compile_metrics` will be empty until you train or evaluate the model.]
[2024-12-30 22:10:07,017: INFO: main: >>>> stage Prepare base model completed <<<<

x============x]
[2024-12-31 09:43:17,435: INFO: common: yaml file: config\config.yaml loaded successfully]
[2024-12-31 09:43:17,442: INFO: common: yaml file: params.yaml loaded successfully]
[2024-12-31 09:43:17,444: INFO: common: created directory at: artifacts]
[2024-12-31 09:43:17,445: INFO: common: created directory at: artifacts\training]
[2024-12-31 09:45:34,589: INFO: common: yaml file: config\config.yaml loaded successfully]
[2024-12-31 09:45:34,590: INFO: common: yaml file: params.yaml loaded successfully]
[2024-12-31 09:45:34,591: INFO: common: created directory at: artifacts]
[2024-12-31 09:45:34,592: INFO: common: created directory at: artifacts\training]
[2024-12-31 09:47:08,615: INFO: common: yaml file: config\config.yaml loaded successfully]
[2024-12-31 09:47:08,617: INFO: common: yaml file: params.yaml loaded successfully]
[2024-12-31 09:47:08,618: INFO: common: created directory at: artifacts]
[2024-12-31 09:47:08,620: INFO: common: created directory at: artifacts\training]
[2024-12-31 09:51:03,251: INFO: common: yaml file: config\config.yaml loaded successfully]
[2024-12-31 09:51:03,255: INFO: common: yaml file: params.yaml loaded successfully]
[2024-12-31 09:51:03,256: INFO: common: created directory at: artifacts]
[2024-12-31 09:51:03,256: INFO: common: created directory at: artifacts\training]
[2024-12-31 09:56:53,301: INFO: common: yaml file: config\config.yaml loaded successfully]
[2024-12-31 09:56:53,304: INFO: common: yaml file: params.yaml loaded successfully]
[2024-12-31 09:56:53,305: INFO: common: created directory at: artifacts]
[2024-12-31 09:56:53,306: INFO: common: created directory at: artifacts\training]
[2024-12-31 09:59:07,891: INFO: common: yaml file: config\config.yaml loaded successfully]
[2024-12-31 09:59:07,894: INFO: common: yaml file: params.yaml loaded successfully]
[2024-12-31 09:59:07,895: INFO: common: created directory at: artifacts]
[2024-12-31 09:59:07,896: INFO: common: created directory at: artifacts\training]
[2024-12-31 10:00:28,022: INFO: common: yaml file: config\config.yaml loaded successfully]
[2024-12-31 10:00:28,025: INFO: common: yaml file: params.yaml loaded successfully]
[2024-12-31 10:00:28,026: INFO: common: created directory at: artifacts]
[2024-12-31 10:00:28,027: INFO: common: created directory at: artifacts\training]
[2024-12-31 10:04:42,103: INFO: main: >>>> stage Data Ingestion stage started <<<<]
[2024-12-31 10:04:42,105: INFO: common: yaml file: config\config.yaml loaded successfully]
[2024-12-31 10:04:42,107: INFO: common: yaml file: params.yaml loaded successfully]
[2024-12-31 10:04:42,107: INFO: common: created directory at: artifacts]
[2024-12-31 10:04:42,107: INFO: common: created directory at: artifacts/data_ingestion]
[2024-12-31 10:04:42,108: INFO: data_ingestion: downloading data from https://drive.google.com/file/d/1Lx_zNHPtr2CzHVrRjnJg7TEiaIX-72lz/view?usp=sharing into file artifacts/data_ingestion/data.zip]
[2024-12-31 10:04:48,107: INFO: data_ingestion: Downloaded data from https://drive.google.com/file/d/1Lx_zNHPtr2CzHVrRjnJg7TEiaIX-72lz/view?usp=sharing into file artifacts/data_ingestion/data.zip]
[2024-12-31 10:04:49,046: INFO: main: >>>> stage Data Ingestion stage completed <<<<

x============x]
[2024-12-31 10:04:49,046: INFO: main: >>>> stage Prepare base model started <<<<]
[2024-12-31 10:04:49,049: INFO: common: yaml file: config\config.yaml loaded successfully]
[2024-12-31 10:04:49,052: INFO: common: yaml file: params.yaml loaded successfully]
[2024-12-31 10:04:49,053: INFO: common: created directory at: artifacts]
[2024-12-31 10:04:49,053: INFO: common: created directory at: artifacts/prepare_base_model]
[2024-12-31 10:04:49,371: WARNING: saving_utils: Compiled the loaded model, but the compiled metrics have yet to be built. `model.compile_metrics` will be empty until you train or evaluate the model.]
[2024-12-31 10:04:49,497: INFO: main: >>>> stage Prepare base model completed <<<<

x============x]
[2024-12-31 10:05:28,637: INFO: common: yaml file: config\config.yaml loaded successfully]
[2024-12-31 10:05:28,652: INFO: common: yaml file: params.yaml loaded successfully]
[2024-12-31 10:05:28,653: INFO: common: created directory at: artifacts]
[2024-12-31 10:05:28,655: INFO: common: created directory at: artifacts\training]
[2024-12-31 10:08:46,116: INFO: common: yaml file: config\config.yaml loaded successfully]
[2024-12-31 10:09:04,034: INFO: common: yaml file: config\config.yaml loaded successfully]
[2024-12-31 10:09:17,096: INFO: common: yaml file: config\config.yaml loaded successfully]
[2024-12-31 10:09:21,308: INFO: common: yaml file: config\config.yaml loaded successfully]
[2024-12-31 10:09:26,144: INFO: common: yaml file: config\config.yaml loaded successfully]
[2024-12-31 10:09:46,842: INFO: common: yaml file: config\config.yaml loaded successfully]
[2024-12-31 10:11:45,176: INFO: common: yaml file: config\config.yaml loaded successfully]
[2024-12-31 10:11:45,179: INFO: common: yaml file: params.yaml loaded successfully]
[2024-12-31 10:11:45,179: INFO: common: created directory at: artifacts]
[2024-12-31 10:11:45,180: INFO: common: created directory at: artifacts\training]
[2024-12-31 10:14:31,391: INFO: common: yaml file: config\config.yaml loaded successfully]
[2024-12-31 10:14:31,394: INFO: common: yaml file: params.yaml loaded successfully]
[2024-12-31 10:14:31,395: INFO: common: created directory at: artifacts]
[2024-12-31 10:14:31,396: INFO: common: created directory at: artifacts\training]
[2024-12-31 10:15:18,413: INFO: common: yaml file: config\config.yaml loaded successfully]
[2024-12-31 10:15:18,415: INFO: common: yaml file: params.yaml loaded successfully]
[2024-12-31 10:15:18,416: INFO: common: created directory at: artifacts]
[2024-12-31 10:15:18,417: INFO: common: created directory at: artifacts\training]
[2024-12-31 10:19:34,367: INFO: common: yaml file: config\config.yaml loaded successfully]
[2024-12-31 10:19:34,370: INFO: common: yaml file: params.yaml loaded successfully]
[2024-12-31 10:19:34,370: INFO: common: created directory at: artifacts]
[2024-12-31 10:19:34,371: INFO: common: created directory at: artifacts\training]
[2024-12-31 10:19:57,814: INFO: common: yaml file: config\config.yaml loaded successfully]
[2024-12-31 10:19:57,817: INFO: common: yaml file: params.yaml loaded successfully]
[2024-12-31 10:19:57,819: INFO: common: created directory at: artifacts]
[2024-12-31 10:19:57,820: INFO: common: created directory at: artifacts\training]
[2024-12-31 10:20:19,758: INFO: common: yaml file: config\config.yaml loaded successfully]
[2024-12-31 10:20:19,760: INFO: common: yaml file: params.yaml loaded successfully]
[2024-12-31 10:20:19,761: INFO: common: created directory at: artifacts]
[2024-12-31 10:20:19,762: INFO: common: created directory at: artifacts\training]
[2024-12-31 10:21:48,271: INFO: common: yaml file: config\config.yaml loaded successfully]
[2024-12-31 10:21:48,273: INFO: common: yaml file: params.yaml loaded successfully]
[2024-12-31 10:21:48,274: INFO: common: created directory at: artifacts]
[2024-12-31 10:21:48,274: INFO: common: created directory at: artifacts\training]
[2024-12-31 10:55:56,774: INFO: main: >>>> stage Data Ingestion stage started <<<<]
[2024-12-31 10:55:56,777: INFO: common: yaml file: config\config.yaml loaded successfully]
[2024-12-31 10:55:56,778: INFO: common: yaml file: params.yaml loaded successfully]
[2024-12-31 10:55:56,779: INFO: common: created directory at: artifacts]
[2024-12-31 10:55:56,780: INFO: common: created directory at: artifacts/data_ingestion]
[2024-12-31 10:55:56,780: INFO: data_ingestion: downloading data from https://drive.google.com/file/d/1J-uQh4mJSeh6npV1cu-NUbZAJndUeY5i/view?usp=drive_link into file artifacts/data_ingestion/data.zip]
[2024-12-31 10:56:02,408: INFO: data_ingestion: Downloaded data from https://drive.google.com/file/d/1J-uQh4mJSeh6npV1cu-NUbZAJndUeY5i/view?usp=drive_link into file artifacts/data_ingestion/data.zip]
[2024-12-31 10:56:03,263: INFO: main: >>>> stage Data Ingestion stage completed <<<<

x============x]
[2024-12-31 10:56:03,264: INFO: main: >>>> stage Prepare base model started <<<<]
[2024-12-31 10:56:03,266: INFO: common: yaml file: config\config.yaml loaded successfully]
[2024-12-31 10:56:03,268: INFO: common: yaml file: params.yaml loaded successfully]
[2024-12-31 10:56:03,268: INFO: common: created directory at: artifacts]
[2024-12-31 10:56:03,269: INFO: common: created directory at: artifacts/prepare_base_model]
[2024-12-31 10:56:03,568: WARNING: saving_utils: Compiled the loaded model, but the compiled metrics have yet to be built. `model.compile_metrics` will be empty until you train or evaluate the model.]
[2024-12-31 10:56:03,730: INFO: main: >>>> stage Prepare base model completed <<<<

x============x]
[2024-12-31 10:56:26,679: INFO: common: yaml file: config\config.yaml loaded successfully]
[2024-12-31 10:56:26,681: INFO: common: yaml file: params.yaml loaded successfully]
[2024-12-31 10:56:26,682: INFO: common: created directory at: artifacts]
[2024-12-31 10:56:26,682: INFO: common: created directory at: artifacts\training]
[2024-12-31 11:51:45,361: INFO: main: >>>> stage Data Ingestion stage started <<<<]
[2024-12-31 11:51:45,369: INFO: common: yaml file: config\config.yaml loaded successfully]
[2024-12-31 11:51:45,375: INFO: common: yaml file: params.yaml loaded successfully]
[2024-12-31 11:51:45,376: INFO: common: created directory at: artifacts]
[2024-12-31 11:51:45,376: INFO: common: created directory at: artifacts/data_ingestion]
[2024-12-31 11:51:45,376: INFO: data_ingestion: downloading data from https://drive.google.com/file/d/1J-uQh4mJSeh6npV1cu-NUbZAJndUeY5i/view?usp=drive_link into file artifacts/data_ingestion/data.zip]
[2024-12-31 11:51:52,124: INFO: data_ingestion: Downloaded data from https://drive.google.com/file/d/1J-uQh4mJSeh6npV1cu-NUbZAJndUeY5i/view?usp=drive_link into file artifacts/data_ingestion/data.zip]
[2024-12-31 11:51:53,088: INFO: main: >>>> stage Data Ingestion stage completed <<<<

x============x]
[2024-12-31 11:51:53,088: INFO: main: >>>> stage Prepare base model started <<<<]
[2024-12-31 11:51:53,091: INFO: common: yaml file: config\config.yaml loaded successfully]
[2024-12-31 11:51:53,092: INFO: common: yaml file: params.yaml loaded successfully]
[2024-12-31 11:51:53,093: INFO: common: created directory at: artifacts]
[2024-12-31 11:51:53,093: INFO: common: created directory at: artifacts/prepare_base_model]
[2024-12-31 11:51:53,425: WARNING: saving_utils: Compiled the loaded model, but the compiled metrics have yet to be built. `model.compile_metrics` will be empty until you train or evaluate the model.]
[2024-12-31 11:51:53,580: INFO: main: >>>> stage Prepare base model completed <<<<

x============x]
[2024-12-31 11:51:53,581: INFO: main: ********************]
[2024-12-31 11:51:53,581: INFO: main: >>>>> stage training started <<<<<]
[2024-12-31 11:51:53,583: INFO: common: yaml file: config\config.yaml loaded successfully]
[2024-12-31 11:51:53,585: INFO: common: yaml file: params.yaml loaded successfully]
[2024-12-31 11:51:53,586: INFO: common: created directory at: artifacts]
[2024-12-31 11:51:53,586: INFO: common: created directory at: artifacts\training]
[2024-12-31 11:52:53,673: INFO: main: >>>>> stage training completed <<<<<

x==========x]
[2024-12-31 21:00:19,733: INFO: common: yaml file: config\config.yaml loaded successfully]
[2024-12-31 21:00:19,743: INFO: common: yaml file: params.yaml loaded successfully]
[2024-12-31 21:00:19,746: INFO: common: created directory at: artifacts]
[2024-12-31 21:00:30,526: INFO: _client: HTTP Request: GET https://dagshub.com/api/v1/repos/Immortal-Pi/TumorFlow "HTTP/1.1 200 OK"]
[2024-12-31 21:00:30,539: INFO: helpers: Initialized MLflow to track repo "Immortal-Pi/TumorFlow"]
[2024-12-31 21:00:30,543: INFO: helpers: Repository Immortal-Pi/TumorFlow initialized!]
[2024-12-31 21:01:06,424: INFO: common: yaml file: config\config.yaml loaded successfully]
[2024-12-31 21:01:06,427: INFO: common: yaml file: params.yaml loaded successfully]
[2024-12-31 21:01:06,429: INFO: common: created directory at: artifacts]
[2024-12-31 21:01:14,685: INFO: _client: HTTP Request: GET https://dagshub.com/api/v1/repos/Immortal-Pi/TumorFlow "HTTP/1.1 200 OK"]
[2024-12-31 21:01:14,697: INFO: helpers: Initialized MLflow to track repo "Immortal-Pi/TumorFlow"]
[2024-12-31 21:01:14,700: INFO: helpers: Repository Immortal-Pi/TumorFlow initialized!]
[2024-12-31 21:01:17,059: WARNING: save: Found untraced functions such as _jit_compiled_convolution_op, _jit_compiled_convolution_op, _jit_compiled_convolution_op, _jit_compiled_convolution_op, _jit_compiled_convolution_op while saving (showing 5 of 14). These functions will not be directly callable after loading.]
[2024-12-31 21:01:17,843: INFO: builder_impl: Assets written to: C:\Users\26amr\AppData\Local\Temp\tmp9hnuws66\model\data\model\assets]
[2024-12-31 21:05:00,105: INFO: common: yaml file: config\config.yaml loaded successfully]
[2024-12-31 21:05:00,108: INFO: common: yaml file: params.yaml loaded successfully]
[2024-12-31 21:05:00,109: INFO: common: created directory at: artifacts]
[2024-12-31 21:10:53,351: INFO: common: yaml file: config\config.yaml loaded successfully]
[2024-12-31 21:10:53,353: INFO: common: yaml file: params.yaml loaded successfully]
[2024-12-31 21:10:53,356: INFO: common: created directory at: artifacts]
[2024-12-31 21:11:39,594: INFO: common: yaml file: config\config.yaml loaded successfully]
[2024-12-31 21:11:39,600: INFO: common: yaml file: params.yaml loaded successfully]
[2024-12-31 21:11:39,603: INFO: common: created directory at: artifacts]
[2024-12-31 21:11:52,846: INFO: common: json file saved at scores.json]
[2024-12-31 21:11:53,523: INFO: _client: HTTP Request: GET https://dagshub.com/api/v1/repos/Immortal-Pi/TumorFlow "HTTP/1.1 200 OK"]
[2024-12-31 21:11:53,534: INFO: helpers: Initialized MLflow to track repo "Immortal-Pi/TumorFlow"]
[2024-12-31 21:11:53,540: INFO: helpers: Repository Immortal-Pi/TumorFlow initialized!]
[2024-12-31 21:11:56,879: WARNING: save: Found untraced functions such as _jit_compiled_convolution_op, _jit_compiled_convolution_op, _jit_compiled_convolution_op, _jit_compiled_convolution_op, _jit_compiled_convolution_op while saving (showing 5 of 14). These functions will not be directly callable after loading.]
[2024-12-31 21:11:58,078: INFO: builder_impl: Assets written to: C:\Users\26amr\AppData\Local\Temp\tmpznmepjog\model\data\model\assets]
[2025-01-01 04:41:34,241: INFO: common: yaml file: config\config.yaml loaded successfully]
[2025-01-01 04:41:34,244: INFO: common: yaml file: params.yaml loaded successfully]
[2025-01-01 04:41:34,245: INFO: common: created directory at: artifacts]
[2025-01-01 04:41:38,604: INFO: common: json file saved at scores.json]
[2025-01-01 04:41:38,947: INFO: _client: HTTP Request: GET https://dagshub.com/api/v1/repos/Immortal-Pi/TumorFlow "HTTP/1.1 200 OK"]
[2025-01-01 04:41:38,950: INFO: helpers: Initialized MLflow to track repo "Immortal-Pi/TumorFlow"]
[2025-01-01 04:41:38,951: INFO: helpers: Repository Immortal-Pi/TumorFlow initialized!]
[2025-01-01 04:41:40,217: WARNING: save: Found untraced functions such as _jit_compiled_convolution_op, _jit_compiled_convolution_op, _jit_compiled_convolution_op, _jit_compiled_convolution_op, _jit_compiled_convolution_op while saving (showing 5 of 14). These functions will not be directly callable after loading.]
[2025-01-01 04:41:40,597: INFO: builder_impl: Assets written to: C:\Users\26amr\AppData\Local\Temp\tmpa4bv7jr1\model\data\model\assets]
[2025-01-01 04:53:51,045: INFO: common: yaml file: config\config.yaml loaded successfully]
[2025-01-01 04:53:51,047: INFO: common: yaml file: params.yaml loaded successfully]
[2025-01-01 04:53:51,048: INFO: common: created directory at: artifacts]
[2025-01-01 04:53:55,439: INFO: common: json file saved at scores.json]
[2025-01-01 04:53:55,738: INFO: _client: HTTP Request: GET https://dagshub.com/api/v1/repos/Immortal-Pi/TumorFlow "HTTP/1.1 200 OK"]
[2025-01-01 04:53:55,743: INFO: helpers: Initialized MLflow to track repo "Immortal-Pi/TumorFlow"]
[2025-01-01 04:53:55,744: INFO: helpers: Repository Immortal-Pi/TumorFlow initialized!]
[2025-01-01 04:53:56,976: WARNING: save: Found untraced functions such as _jit_compiled_convolution_op, _jit_compiled_convolution_op, _jit_compiled_convolution_op, _jit_compiled_convolution_op, _jit_compiled_convolution_op while saving (showing 5 of 14). These functions will not be directly callable after loading.]
[2025-01-01 04:53:57,344: INFO: builder_impl: Assets written to: C:\Users\26amr\AppData\Local\Temp\tmp6rshzx_t\model\data\model\assets]
[2025-01-01 05:04:58,406: INFO: main: >>>> stage Data Ingestion stage started <<<<]
[2025-01-01 05:04:58,409: INFO: common: yaml file: config\config.yaml loaded successfully]
[2025-01-01 05:04:58,410: INFO: common: yaml file: params.yaml loaded successfully]
[2025-01-01 05:04:58,410: INFO: common: created directory at: artifacts]
[2025-01-01 05:04:58,410: INFO: common: created directory at: artifacts/data_ingestion]
[2025-01-01 05:04:58,411: INFO: data_ingestion: downloading data from https://drive.google.com/file/d/1J-uQh4mJSeh6npV1cu-NUbZAJndUeY5i/view?usp=drive_link into file artifacts/data_ingestion/data.zip]
[2025-01-01 05:05:03,518: INFO: data_ingestion: Downloaded data from https://drive.google.com/file/d/1J-uQh4mJSeh6npV1cu-NUbZAJndUeY5i/view?usp=drive_link into file artifacts/data_ingestion/data.zip]
[2025-01-01 05:05:04,318: INFO: main: >>>> stage Data Ingestion stage completed <<<<

x============x]
[2025-01-01 05:05:04,319: INFO: main: >>>> stage Prepare base model started <<<<]
[2025-01-01 05:05:04,321: INFO: common: yaml file: config\config.yaml loaded successfully]
[2025-01-01 05:05:04,323: INFO: common: yaml file: params.yaml loaded successfully]
[2025-01-01 05:05:04,323: INFO: common: created directory at: artifacts]
[2025-01-01 05:05:04,324: INFO: common: created directory at: artifacts/prepare_base_model]
[2025-01-01 05:05:04,618: WARNING: saving_utils: Compiled the loaded model, but the compiled metrics have yet to be built. `model.compile_metrics` will be empty until you train or evaluate the model.]
[2025-01-01 05:05:04,761: INFO: main: >>>> stage Prepare base model completed <<<<

x============x]
[2025-01-01 05:05:04,762: INFO: main: ********************]
[2025-01-01 05:05:04,762: INFO: main: >>>>> stage training started <<<<<]
[2025-01-01 05:05:04,764: INFO: common: yaml file: config\config.yaml loaded successfully]
[2025-01-01 05:05:04,765: INFO: common: yaml file: params.yaml loaded successfully]
[2025-01-01 05:05:04,765: INFO: common: created directory at: artifacts]
[2025-01-01 05:05:04,766: INFO: common: created directory at: artifacts\training]
[2025-01-01 05:07:24,702: INFO: main: >>>>> stage training completed <<<<<

x==========x]
[2025-01-01 05:07:32,646: INFO: _client: HTTP Request: GET https://dagshub.com/api/v1/repos/Immortal-Pi/TumorFlow "HTTP/1.1 200 OK"]
[2025-01-01 05:07:32,651: INFO: helpers: Initialized MLflow to track repo "Immortal-Pi/TumorFlow"]
[2025-01-01 05:07:32,653: INFO: helpers: Repository Immortal-Pi/TumorFlow initialized!]
[2025-01-01 05:08:07,168: INFO: common: yaml file: config\config.yaml loaded successfully]
[2025-01-01 05:08:07,171: INFO: common: yaml file: params.yaml loaded successfully]
[2025-01-01 05:08:07,172: INFO: common: created directory at: artifacts]
[2025-01-01 05:08:11,609: INFO: common: json file saved at scores.json]
[2025-01-01 05:08:11,992: INFO: _client: HTTP Request: GET https://dagshub.com/api/v1/repos/Immortal-Pi/TumorFlow "HTTP/1.1 200 OK"]
[2025-01-01 05:08:11,995: INFO: helpers: Initialized MLflow to track repo "Immortal-Pi/TumorFlow"]
[2025-01-01 05:08:11,996: INFO: helpers: Repository Immortal-Pi/TumorFlow initialized!]
[2025-01-01 05:08:13,997: WARNING: save: Found untraced functions such as _jit_compiled_convolution_op, _jit_compiled_convolution_op, _jit_compiled_convolution_op, _jit_compiled_convolution_op, _jit_compiled_convolution_op while saving (showing 5 of 14). These functions will not be directly callable after loading.]
[2025-01-01 05:08:14,380: INFO: builder_impl: Assets written to: C:\Users\26amr\AppData\Local\Temp\tmp7go465qt\model\data\model\assets]
[2025-01-01 05:41:08,249: INFO: main: >>>> stage Data Ingestion stage started <<<<]
[2025-01-01 05:41:08,251: INFO: common: yaml file: config\config.yaml loaded successfully]
[2025-01-01 05:41:08,253: INFO: common: yaml file: params.yaml loaded successfully]
[2025-01-01 05:41:08,253: INFO: common: created directory at: artifacts]
[2025-01-01 05:41:08,253: INFO: common: created directory at: artifacts/data_ingestion]
[2025-01-01 05:41:08,254: INFO: data_ingestion: downloading data from https://drive.google.com/file/d/1J-uQh4mJSeh6npV1cu-NUbZAJndUeY5i/view?usp=drive_link into file artifacts/data_ingestion/data.zip]
[2025-01-01 05:41:13,544: INFO: data_ingestion: Downloaded data from https://drive.google.com/file/d/1J-uQh4mJSeh6npV1cu-NUbZAJndUeY5i/view?usp=drive_link into file artifacts/data_ingestion/data.zip]
[2025-01-01 05:41:14,349: INFO: main: >>>> stage Data Ingestion stage completed <<<<

x============x]
[2025-01-01 05:41:14,349: INFO: main: >>>> stage Prepare base model started <<<<]
[2025-01-01 05:41:14,351: INFO: common: yaml file: config\config.yaml loaded successfully]
[2025-01-01 05:41:14,352: INFO: common: yaml file: params.yaml loaded successfully]
[2025-01-01 05:41:14,353: INFO: common: created directory at: artifacts]
[2025-01-01 05:41:14,353: INFO: common: created directory at: artifacts/prepare_base_model]
[2025-01-01 05:41:14,643: WARNING: saving_utils: Compiled the loaded model, but the compiled metrics have yet to be built. `model.compile_metrics` will be empty until you train or evaluate the model.]
[2025-01-01 05:41:14,782: INFO: main: >>>> stage Prepare base model completed <<<<

x============x]
[2025-01-01 05:41:14,782: INFO: main: ********************]
[2025-01-01 05:41:14,783: INFO: main: >>>>> stage training started <<<<<]
[2025-01-01 05:41:14,785: INFO: common: yaml file: config\config.yaml loaded successfully]
[2025-01-01 05:41:14,787: INFO: common: yaml file: params.yaml loaded successfully]
[2025-01-01 05:41:14,788: INFO: common: created directory at: artifacts]
[2025-01-01 05:41:14,788: INFO: common: created directory at: artifacts\training]
[2025-01-01 05:41:28,717: INFO: main: >>>>> stage training completed <<<<<

x==========x]
[2025-01-01 05:41:28,717: INFO: main: ****************]
[2025-01-01 05:41:28,718: INFO: main: >>>>> stage Evaluation stage started <<<<<]
[2025-01-01 05:41:28,720: INFO: common: yaml file: config\config.yaml loaded successfully]
[2025-01-01 05:41:28,722: INFO: common: yaml file: params.yaml loaded successfully]
[2025-01-01 05:41:28,723: INFO: common: created directory at: artifacts]
[2025-01-01 05:41:33,214: INFO: common: json file saved at scores.json]
[2025-01-01 05:41:33,217: INFO: common: json file saved at scores.json]
[2025-01-01 05:41:33,585: INFO: _client: HTTP Request: GET https://dagshub.com/api/v1/user "HTTP/1.1 200 OK"]
[2025-01-01 05:41:33,590: INFO: helpers: Accessing as Immortal-Pi]
[2025-01-01 05:41:33,900: INFO: _client: HTTP Request: GET https://dagshub.com/api/v1/repos/Immortal-Pi/TumorFlow "HTTP/1.1 200 OK"]
[2025-01-01 05:41:34,155: INFO: _client: HTTP Request: GET https://dagshub.com/api/v1/user "HTTP/1.1 200 OK"]
[2025-01-01 05:41:34,158: INFO: helpers: Initialized MLflow to track repo "Immortal-Pi/TumorFlow"]
[2025-01-01 05:41:34,159: INFO: helpers: Repository Immortal-Pi/TumorFlow initialized!]
[2025-01-01 05:41:35,632: WARNING: save: Found untraced functions such as _jit_compiled_convolution_op, _jit_compiled_convolution_op, _jit_compiled_convolution_op, _jit_compiled_convolution_op, _jit_compiled_convolution_op while saving (showing 5 of 14). These functions will not be directly callable after loading.]
[2025-01-01 05:41:36,088: INFO: builder_impl: Assets written to: C:\Users\26amr\AppData\Local\Temp\tmp6j70ek0x\model\data\model\assets]
[2025-01-01 05:42:07,956: INFO: main: >>>>> stage Evaluation stage completed <<<<<
 
x=========x]
[2025-01-01 05:42:55,324: INFO: main: >>>> stage Data Ingestion stage started <<<<]
[2025-01-01 05:42:55,328: INFO: common: yaml file: config\config.yaml loaded successfully]
[2025-01-01 05:42:55,330: INFO: common: yaml file: params.yaml loaded successfully]
[2025-01-01 05:42:55,330: INFO: common: created directory at: artifacts]
[2025-01-01 05:42:55,330: INFO: common: created directory at: artifacts/data_ingestion]
[2025-01-01 05:42:55,331: INFO: data_ingestion: downloading data from https://drive.google.com/file/d/1J-uQh4mJSeh6npV1cu-NUbZAJndUeY5i/view?usp=drive_link into file artifacts/data_ingestion/data.zip]
[2025-01-01 05:43:00,768: INFO: data_ingestion: Downloaded data from https://drive.google.com/file/d/1J-uQh4mJSeh6npV1cu-NUbZAJndUeY5i/view?usp=drive_link into file artifacts/data_ingestion/data.zip]
[2025-01-01 05:43:01,478: INFO: main: >>>> stage Data Ingestion stage completed <<<<

x============x]
[2025-01-01 05:43:01,479: INFO: main: >>>> stage Prepare base model started <<<<]
[2025-01-01 05:43:01,481: INFO: common: yaml file: config\config.yaml loaded successfully]
[2025-01-01 05:43:01,483: INFO: common: yaml file: params.yaml loaded successfully]
[2025-01-01 05:43:01,483: INFO: common: created directory at: artifacts]
[2025-01-01 05:43:01,483: INFO: common: created directory at: artifacts/prepare_base_model]
[2025-01-01 05:43:01,755: WARNING: saving_utils: Compiled the loaded model, but the compiled metrics have yet to be built. `model.compile_metrics` will be empty until you train or evaluate the model.]
[2025-01-01 05:43:01,897: INFO: main: >>>> stage Prepare base model completed <<<<

x============x]
[2025-01-01 05:43:01,898: INFO: main: ********************]
[2025-01-01 05:43:01,898: INFO: main: >>>>> stage training started <<<<<]
[2025-01-01 05:43:01,900: INFO: common: yaml file: config\config.yaml loaded successfully]
[2025-01-01 05:43:01,902: INFO: common: yaml file: params.yaml loaded successfully]
[2025-01-01 05:43:01,902: INFO: common: created directory at: artifacts]
[2025-01-01 05:43:01,903: INFO: common: created directory at: artifacts\training]
[2025-01-01 05:43:15,206: INFO: main: >>>>> stage training completed <<<<<

x==========x]
[2025-01-01 05:43:15,207: INFO: main: ****************]
[2025-01-01 05:43:15,207: INFO: main: >>>>> stage Evaluation stage started <<<<<]
[2025-01-01 05:43:15,209: INFO: common: yaml file: config\config.yaml loaded successfully]
[2025-01-01 05:43:15,214: INFO: common: yaml file: params.yaml loaded successfully]
[2025-01-01 05:43:15,214: INFO: common: created directory at: artifacts]
[2025-01-01 05:43:19,502: INFO: common: json file saved at scores.json]
[2025-01-01 05:43:19,503: INFO: common: json file saved at scores.json]
[2025-01-01 05:43:19,771: INFO: _client: HTTP Request: GET https://dagshub.com/api/v1/user "HTTP/1.1 200 OK"]
[2025-01-01 05:43:19,781: INFO: helpers: Accessing as Immortal-Pi]
[2025-01-01 05:43:20,101: INFO: _client: HTTP Request: GET https://dagshub.com/api/v1/repos/Immortal-Pi/TumorFlow "HTTP/1.1 200 OK"]
[2025-01-01 05:43:20,374: INFO: _client: HTTP Request: GET https://dagshub.com/api/v1/user "HTTP/1.1 200 OK"]
[2025-01-01 05:43:20,378: INFO: helpers: Initialized MLflow to track repo "Immortal-Pi/TumorFlow"]
[2025-01-01 05:43:20,379: INFO: helpers: Repository Immortal-Pi/TumorFlow initialized!]
[2025-01-01 05:43:21,908: WARNING: save: Found untraced functions such as _jit_compiled_convolution_op, _jit_compiled_convolution_op, _jit_compiled_convolution_op, _jit_compiled_convolution_op, _jit_compiled_convolution_op while saving (showing 5 of 14). These functions will not be directly callable after loading.]
[2025-01-01 05:43:22,382: INFO: builder_impl: Assets written to: C:\Users\26amr\AppData\Local\Temp\tmpzwfbasrd\model\data\model\assets]
[2025-01-01 05:44:04,331: INFO: main: >>>>> stage Evaluation stage completed <<<<<
 
x=========x]
[2025-01-01 05:44:20,305: INFO: main: >>>> stage Data Ingestion stage started <<<<]
[2025-01-01 05:44:20,308: INFO: common: yaml file: config\config.yaml loaded successfully]
[2025-01-01 05:44:20,310: INFO: common: yaml file: params.yaml loaded successfully]
[2025-01-01 05:44:20,311: INFO: common: created directory at: artifacts]
[2025-01-01 05:44:20,311: INFO: common: created directory at: artifacts/data_ingestion]
[2025-01-01 05:44:20,311: INFO: data_ingestion: downloading data from https://drive.google.com/file/d/1J-uQh4mJSeh6npV1cu-NUbZAJndUeY5i/view?usp=drive_link into file artifacts/data_ingestion/data.zip]
[2025-01-01 05:44:26,193: INFO: data_ingestion: Downloaded data from https://drive.google.com/file/d/1J-uQh4mJSeh6npV1cu-NUbZAJndUeY5i/view?usp=drive_link into file artifacts/data_ingestion/data.zip]
[2025-01-01 05:44:26,886: INFO: main: >>>> stage Data Ingestion stage completed <<<<

x============x]
[2025-01-01 05:44:26,886: INFO: main: >>>> stage Prepare base model started <<<<]
[2025-01-01 05:44:26,889: INFO: common: yaml file: config\config.yaml loaded successfully]
[2025-01-01 05:44:26,891: INFO: common: yaml file: params.yaml loaded successfully]
[2025-01-01 05:44:26,891: INFO: common: created directory at: artifacts]
[2025-01-01 05:44:26,892: INFO: common: created directory at: artifacts/prepare_base_model]
[2025-01-01 05:44:27,215: WARNING: saving_utils: Compiled the loaded model, but the compiled metrics have yet to be built. `model.compile_metrics` will be empty until you train or evaluate the model.]
[2025-01-01 05:44:27,358: INFO: main: >>>> stage Prepare base model completed <<<<

x============x]
[2025-01-01 05:44:27,358: INFO: main: ********************]
[2025-01-01 05:44:27,359: INFO: main: >>>>> stage training started <<<<<]
[2025-01-01 05:44:27,361: INFO: common: yaml file: config\config.yaml loaded successfully]
[2025-01-01 05:44:27,362: INFO: common: yaml file: params.yaml loaded successfully]
[2025-01-01 05:44:27,363: INFO: common: created directory at: artifacts]
[2025-01-01 05:44:27,363: INFO: common: created directory at: artifacts\training]
[2025-01-01 05:44:55,173: INFO: main: >>>>> stage training completed <<<<<

x==========x]
[2025-01-01 05:44:55,173: INFO: main: ****************]
[2025-01-01 05:44:55,173: INFO: main: >>>>> stage Evaluation stage started <<<<<]
[2025-01-01 05:44:55,176: INFO: common: yaml file: config\config.yaml loaded successfully]
[2025-01-01 05:44:55,178: INFO: common: yaml file: params.yaml loaded successfully]
[2025-01-01 05:44:55,178: INFO: common: created directory at: artifacts]
[2025-01-01 05:44:59,930: INFO: common: json file saved at scores.json]
[2025-01-01 05:44:59,933: INFO: common: json file saved at scores.json]
[2025-01-01 05:45:00,341: INFO: _client: HTTP Request: GET https://dagshub.com/api/v1/user "HTTP/1.1 200 OK"]
[2025-01-01 05:45:00,346: INFO: helpers: Accessing as Immortal-Pi]
[2025-01-01 05:45:00,651: INFO: _client: HTTP Request: GET https://dagshub.com/api/v1/repos/Immortal-Pi/TumorFlow "HTTP/1.1 200 OK"]
[2025-01-01 05:45:00,892: INFO: _client: HTTP Request: GET https://dagshub.com/api/v1/user "HTTP/1.1 200 OK"]
[2025-01-01 05:45:00,894: INFO: helpers: Initialized MLflow to track repo "Immortal-Pi/TumorFlow"]
[2025-01-01 05:45:00,895: INFO: helpers: Repository Immortal-Pi/TumorFlow initialized!]
[2025-01-01 05:45:02,386: WARNING: save: Found untraced functions such as _jit_compiled_convolution_op, _jit_compiled_convolution_op, _jit_compiled_convolution_op, _jit_compiled_convolution_op, _jit_compiled_convolution_op while saving (showing 5 of 14). These functions will not be directly callable after loading.]
[2025-01-01 05:45:02,864: INFO: builder_impl: Assets written to: C:\Users\26amr\AppData\Local\Temp\tmpxa67gy5c\model\data\model\assets]
[2025-01-01 05:45:46,640: INFO: main: >>>>> stage Evaluation stage completed <<<<<
 
x=========x]
[2025-01-01 05:46:22,921: INFO: main: >>>> stage Data Ingestion stage started <<<<]
[2025-01-01 05:46:22,924: INFO: common: yaml file: config\config.yaml loaded successfully]
[2025-01-01 05:46:22,925: INFO: common: yaml file: params.yaml loaded successfully]
[2025-01-01 05:46:22,926: INFO: common: created directory at: artifacts]
[2025-01-01 05:46:22,927: INFO: common: created directory at: artifacts/data_ingestion]
[2025-01-01 05:46:22,927: INFO: data_ingestion: downloading data from https://drive.google.com/file/d/1J-uQh4mJSeh6npV1cu-NUbZAJndUeY5i/view?usp=drive_link into file artifacts/data_ingestion/data.zip]
[2025-01-01 05:46:28,074: INFO: data_ingestion: Downloaded data from https://drive.google.com/file/d/1J-uQh4mJSeh6npV1cu-NUbZAJndUeY5i/view?usp=drive_link into file artifacts/data_ingestion/data.zip]
[2025-01-01 05:46:28,810: INFO: main: >>>> stage Data Ingestion stage completed <<<<

x============x]
[2025-01-01 05:46:28,810: INFO: main: >>>> stage Prepare base model started <<<<]
[2025-01-01 05:46:28,813: INFO: common: yaml file: config\config.yaml loaded successfully]
[2025-01-01 05:46:28,815: INFO: common: yaml file: params.yaml loaded successfully]
[2025-01-01 05:46:28,815: INFO: common: created directory at: artifacts]
[2025-01-01 05:46:28,816: INFO: common: created directory at: artifacts/prepare_base_model]
[2025-01-01 05:46:29,111: WARNING: saving_utils: Compiled the loaded model, but the compiled metrics have yet to be built. `model.compile_metrics` will be empty until you train or evaluate the model.]
[2025-01-01 05:46:29,260: INFO: main: >>>> stage Prepare base model completed <<<<

x============x]
[2025-01-01 05:46:29,260: INFO: main: ********************]
[2025-01-01 05:46:29,261: INFO: main: >>>>> stage training started <<<<<]
[2025-01-01 05:46:29,263: INFO: common: yaml file: config\config.yaml loaded successfully]
[2025-01-01 05:46:29,264: INFO: common: yaml file: params.yaml loaded successfully]
[2025-01-01 05:46:29,265: INFO: common: created directory at: artifacts]
[2025-01-01 05:46:29,265: INFO: common: created directory at: artifacts\training]
[2025-01-01 05:47:11,211: INFO: main: >>>>> stage training completed <<<<<

x==========x]
[2025-01-01 05:47:11,211: INFO: main: ****************]
[2025-01-01 05:47:11,211: INFO: main: >>>>> stage Evaluation stage started <<<<<]
[2025-01-01 05:47:11,213: INFO: common: yaml file: config\config.yaml loaded successfully]
[2025-01-01 05:47:11,215: INFO: common: yaml file: params.yaml loaded successfully]
[2025-01-01 05:47:11,215: INFO: common: created directory at: artifacts]
[2025-01-01 05:47:15,948: INFO: common: json file saved at scores.json]
[2025-01-01 05:47:15,950: INFO: common: json file saved at scores.json]
[2025-01-01 05:47:16,307: INFO: _client: HTTP Request: GET https://dagshub.com/api/v1/user "HTTP/1.1 200 OK"]
[2025-01-01 05:47:16,310: INFO: helpers: Accessing as Immortal-Pi]
[2025-01-01 05:47:16,620: INFO: _client: HTTP Request: GET https://dagshub.com/api/v1/repos/Immortal-Pi/TumorFlow "HTTP/1.1 200 OK"]
[2025-01-01 05:47:16,894: INFO: _client: HTTP Request: GET https://dagshub.com/api/v1/user "HTTP/1.1 200 OK"]
[2025-01-01 05:47:16,896: INFO: helpers: Initialized MLflow to track repo "Immortal-Pi/TumorFlow"]
[2025-01-01 05:47:16,897: INFO: helpers: Repository Immortal-Pi/TumorFlow initialized!]
[2025-01-01 05:47:18,405: WARNING: save: Found untraced functions such as _jit_compiled_convolution_op, _jit_compiled_convolution_op, _jit_compiled_convolution_op, _jit_compiled_convolution_op, _jit_compiled_convolution_op while saving (showing 5 of 14). These functions will not be directly callable after loading.]
[2025-01-01 05:47:18,889: INFO: builder_impl: Assets written to: C:\Users\26amr\AppData\Local\Temp\tmpws40q9ql\model\data\model\assets]
[2025-01-01 05:47:51,898: INFO: main: >>>>> stage Evaluation stage completed <<<<<
 
x=========x]
[2025-01-01 05:50:34,771: INFO: main: >>>> stage Data Ingestion stage started <<<<]
[2025-01-01 05:50:34,774: INFO: common: yaml file: config\config.yaml loaded successfully]
[2025-01-01 05:50:34,775: INFO: common: yaml file: params.yaml loaded successfully]
[2025-01-01 05:50:34,776: INFO: common: created directory at: artifacts]
[2025-01-01 05:50:34,776: INFO: common: created directory at: artifacts/data_ingestion]
[2025-01-01 05:50:34,776: INFO: data_ingestion: downloading data from https://drive.google.com/file/d/1J-uQh4mJSeh6npV1cu-NUbZAJndUeY5i/view?usp=drive_link into file artifacts/data_ingestion/data.zip]
[2025-01-01 05:50:40,087: INFO: data_ingestion: Downloaded data from https://drive.google.com/file/d/1J-uQh4mJSeh6npV1cu-NUbZAJndUeY5i/view?usp=drive_link into file artifacts/data_ingestion/data.zip]
[2025-01-01 05:50:40,859: INFO: main: >>>> stage Data Ingestion stage completed <<<<

x============x]
[2025-01-01 05:50:40,859: INFO: main: >>>> stage Prepare base model started <<<<]
[2025-01-01 05:50:40,861: INFO: common: yaml file: config\config.yaml loaded successfully]
[2025-01-01 05:50:40,862: INFO: common: yaml file: params.yaml loaded successfully]
[2025-01-01 05:50:40,862: INFO: common: created directory at: artifacts]
[2025-01-01 05:50:40,862: INFO: common: created directory at: artifacts/prepare_base_model]
[2025-01-01 05:50:41,125: WARNING: saving_utils: Compiled the loaded model, but the compiled metrics have yet to be built. `model.compile_metrics` will be empty until you train or evaluate the model.]
[2025-01-01 05:50:41,264: INFO: main: >>>> stage Prepare base model completed <<<<

x============x]
[2025-01-01 05:50:41,264: INFO: main: ********************]
[2025-01-01 05:50:41,264: INFO: main: >>>>> stage training started <<<<<]
[2025-01-01 05:50:41,266: INFO: common: yaml file: config\config.yaml loaded successfully]
[2025-01-01 05:50:41,268: INFO: common: yaml file: params.yaml loaded successfully]
[2025-01-01 05:50:41,268: INFO: common: created directory at: artifacts]
[2025-01-01 05:50:41,268: INFO: common: created directory at: artifacts\training]
[2025-01-01 05:52:55,551: INFO: main: >>>>> stage training completed <<<<<

x==========x]
[2025-01-01 05:52:55,552: INFO: main: ****************]
[2025-01-01 05:52:55,552: INFO: main: >>>>> stage Evaluation stage started <<<<<]
[2025-01-01 05:52:55,555: INFO: common: yaml file: config\config.yaml loaded successfully]
[2025-01-01 05:52:55,556: INFO: common: yaml file: params.yaml loaded successfully]
[2025-01-01 05:52:55,556: INFO: common: created directory at: artifacts]
[2025-01-01 05:53:00,048: INFO: common: json file saved at scores.json]
[2025-01-01 05:53:00,050: INFO: common: json file saved at scores.json]
[2025-01-01 05:53:00,360: INFO: _client: HTTP Request: GET https://dagshub.com/api/v1/user "HTTP/1.1 200 OK"]
[2025-01-01 05:53:00,363: INFO: helpers: Accessing as Immortal-Pi]
[2025-01-01 05:53:00,684: INFO: _client: HTTP Request: GET https://dagshub.com/api/v1/repos/Immortal-Pi/TumorFlow "HTTP/1.1 200 OK"]
[2025-01-01 05:53:00,902: INFO: _client: HTTP Request: GET https://dagshub.com/api/v1/user "HTTP/1.1 200 OK"]
[2025-01-01 05:53:00,904: INFO: helpers: Initialized MLflow to track repo "Immortal-Pi/TumorFlow"]
[2025-01-01 05:53:00,905: INFO: helpers: Repository Immortal-Pi/TumorFlow initialized!]
[2025-01-01 05:53:02,254: WARNING: save: Found untraced functions such as _jit_compiled_convolution_op, _jit_compiled_convolution_op, _jit_compiled_convolution_op, _jit_compiled_convolution_op, _jit_compiled_convolution_op while saving (showing 5 of 14). These functions will not be directly callable after loading.]
[2025-01-01 05:53:02,632: INFO: builder_impl: Assets written to: C:\Users\26amr\AppData\Local\Temp\tmp69sjkmh5\model\data\model\assets]
[2025-01-01 05:53:43,734: INFO: main: >>>>> stage Evaluation stage completed <<<<<
 
x=========x]
[2025-01-01 05:56:03,476: INFO: main: >>>> stage Data Ingestion stage started <<<<]
[2025-01-01 05:56:03,479: INFO: common: yaml file: config\config.yaml loaded successfully]
[2025-01-01 05:56:03,481: INFO: common: yaml file: params.yaml loaded successfully]
[2025-01-01 05:56:03,482: INFO: common: created directory at: artifacts]
[2025-01-01 05:56:03,482: INFO: common: created directory at: artifacts/data_ingestion]
[2025-01-01 05:56:03,482: INFO: data_ingestion: downloading data from https://drive.google.com/file/d/1J-uQh4mJSeh6npV1cu-NUbZAJndUeY5i/view?usp=drive_link into file artifacts/data_ingestion/data.zip]
[2025-01-01 05:56:08,924: INFO: data_ingestion: Downloaded data from https://drive.google.com/file/d/1J-uQh4mJSeh6npV1cu-NUbZAJndUeY5i/view?usp=drive_link into file artifacts/data_ingestion/data.zip]
[2025-01-01 05:56:09,473: INFO: main: >>>> stage Data Ingestion stage completed <<<<

x============x]
[2025-01-01 05:56:09,473: INFO: main: >>>> stage Prepare base model started <<<<]
[2025-01-01 05:56:09,475: INFO: common: yaml file: config\config.yaml loaded successfully]
[2025-01-01 05:56:09,476: INFO: common: yaml file: params.yaml loaded successfully]
[2025-01-01 05:56:09,477: INFO: common: created directory at: artifacts]
[2025-01-01 05:56:09,477: INFO: common: created directory at: artifacts/prepare_base_model]
[2025-01-01 05:56:09,707: WARNING: saving_utils: Compiled the loaded model, but the compiled metrics have yet to be built. `model.compile_metrics` will be empty until you train or evaluate the model.]
[2025-01-01 05:56:09,830: INFO: main: >>>> stage Prepare base model completed <<<<

x============x]
[2025-01-01 05:56:09,831: INFO: main: ********************]
[2025-01-01 05:56:09,831: INFO: main: >>>>> stage training started <<<<<]
[2025-01-01 05:56:09,833: INFO: common: yaml file: config\config.yaml loaded successfully]
[2025-01-01 05:56:09,835: INFO: common: yaml file: params.yaml loaded successfully]
[2025-01-01 05:56:09,836: INFO: common: created directory at: artifacts]
[2025-01-01 05:56:09,836: INFO: common: created directory at: artifacts\training]
[2025-01-01 05:59:29,984: INFO: main: >>>>> stage training completed <<<<<

x==========x]
[2025-01-01 05:59:29,984: INFO: main: ****************]
[2025-01-01 05:59:29,985: INFO: main: >>>>> stage Evaluation stage started <<<<<]
[2025-01-01 05:59:29,987: INFO: common: yaml file: config\config.yaml loaded successfully]
[2025-01-01 05:59:29,988: INFO: common: yaml file: params.yaml loaded successfully]
[2025-01-01 05:59:29,989: INFO: common: created directory at: artifacts]
[2025-01-01 05:59:34,470: INFO: common: json file saved at scores.json]
[2025-01-01 05:59:34,471: INFO: common: json file saved at scores.json]
[2025-01-01 05:59:34,743: INFO: _client: HTTP Request: GET https://dagshub.com/api/v1/user "HTTP/1.1 200 OK"]
[2025-01-01 05:59:34,747: INFO: helpers: Accessing as Immortal-Pi]
[2025-01-01 05:59:35,035: INFO: _client: HTTP Request: GET https://dagshub.com/api/v1/repos/Immortal-Pi/TumorFlow "HTTP/1.1 200 OK"]
[2025-01-01 05:59:35,313: INFO: _client: HTTP Request: GET https://dagshub.com/api/v1/user "HTTP/1.1 200 OK"]
[2025-01-01 05:59:35,315: INFO: helpers: Initialized MLflow to track repo "Immortal-Pi/TumorFlow"]
[2025-01-01 05:59:35,316: INFO: helpers: Repository Immortal-Pi/TumorFlow initialized!]
[2025-01-01 05:59:36,527: WARNING: save: Found untraced functions such as _jit_compiled_convolution_op, _jit_compiled_convolution_op, _jit_compiled_convolution_op, _jit_compiled_convolution_op, _jit_compiled_convolution_op while saving (showing 5 of 14). These functions will not be directly callable after loading.]
[2025-01-01 05:59:36,917: INFO: builder_impl: Assets written to: C:\Users\26amr\AppData\Local\Temp\tmp2cj2p9zr\model\data\model\assets]
[2025-01-01 06:00:08,053: INFO: main: >>>>> stage Evaluation stage completed <<<<<
 
x=========x]
